// Jest Snapshot v1, https://goo.gl/fbAQLP

exports[`handler 1`] = `[Error: 'test/tmp/package.json' already exists]`;
