// Jest Snapshot v1, https://goo.gl/fbAQLP

exports[`readIgnoreFiles 1`] = `
Array [
  ".rpt2_cache",
  "cli.d.ts",
  "cli.js",
  "coverage",
  "node_modules",
  "test/tmp",
]
`;
